WARNING 2026-09-07 16:16:30 views 6944 12356 Invalid plan requested: invalid_plan
WARNING 2026-09-07 16:16:33 views 6944 12356 Payment initiation without phone number
WARNING 2026-09-07 16:18:06 views 11800 15196 Invalid plan requested: invalid_plan
WARNING 2026-09-07 16:18:07 views 11800 15196 Payment initiation without phone number
ERROR 2026-09-07 16:18:12 views 11800 15196 Callback received for unknown payment: ws_CO_UNKNOWN
INFO 2026-09-07 16:18:14 utils 11800 15196 Payment successful
ERROR 2026-09-07 16:18:16 views 11800 15196 Unauthorized webhook from IP: 10.0.0.1
INFO 2026-09-07 16:18:19 utils 11800 15196 Payment successful
ERROR 2026-09-07 16:18:21 utils 11800 15196 Payment failed
INFO 2026-09-07 16:18:23 utils 11800 15196 Payment successful
WARNING 2026-09-07 16:20:05 views 17292 17164 Invalid plan requested: invalid_plan
WARNING 2026-09-07 16:20:06 views 17292 17164 Payment initiation without phone number
ERROR 2026-09-07 16:20:11 views 17292 17164 Callback received for unknown payment: ws_CO_UNKNOWN
INFO 2026-09-07 16:20:12 utils 17292 17164 Payment successful
ERROR 2026-09-07 16:20:14 views 17292 17164 Unauthorized webhook from IP: 10.0.0.1
INFO 2026-09-07 16:20:15 utils 17292 17164 Payment successful
ERROR 2026-09-07 16:20:16 utils 17292 17164 Payment failed
INFO 2026-09-07 16:20:18 utils 17292 17164 Payment successful
WARNING 2026-09-07 16:21:02 views 14388 9268 Invalid plan requested: invalid_plan
WARNING 2026-09-07 16:21:03 views 14388 9268 Payment initiation without phone number
ERROR 2026-09-07 16:21:09 views 14388 9268 Callback received for unknown payment: ws_CO_UNKNOWN
INFO 2026-09-07 16:21:11 utils 14388 9268 Payment successful
ERROR 2026-09-07 16:21:12 views 14388 9268 Unauthorized webhook from IP: 10.0.0.1
INFO 2026-09-07 16:21:13 utils 14388 9268 Payment successful
ERROR 2026-09-07 16:21:14 utils 14388 9268 Payment failed
INFO 2026-09-07 16:21:15 utils 14388 9268 Payment successful
WARNING 2026-09-07 16:23:47 views 13912 12448 Invalid plan requested: invalid_plan
WARNING 2026-09-07 16:23:48 views 13912 12448 Payment initiation without phone number
ERROR 2026-09-07 16:23:54 views 13912 12448 Callback received for unknown payment: ws_CO_UNKNOWN
INFO 2026-09-07 16:23:55 utils 13912 12448 Payment successful
ERROR 2026-09-07 16:23:56 views 13912 12448 Unauthorized webhook from IP: 10.0.0.1
INFO 2026-09-07 16:23:58 utils 13912 12448 Payment successful
ERROR 2026-09-07 16:23:59 utils 13912 12448 Payment failed
INFO 2026-09-07 16:24:00 utils 13912 12448 Payment successful
WARNING 2026-09-07 16:25:07 views 11028 5784 Invalid plan requested: invalid_plan
WARNING 2026-09-07 16:25:08 views 11028 5784 Payment initiation without phone number
ERROR 2026-09-07 16:25:12 views 11028 5784 Callback received for unknown payment: ws_CO_UNKNOWN
INFO 2026-09-07 16:25:13 utils 11028 5784 Payment successful
ERROR 2026-09-07 16:25:15 views 11028 5784 Unauthorized webhook from IP: 10.0.0.1
INFO 2026-09-07 16:25:16 utils 11028 5784 Payment successful
ERROR 2026-09-07 16:25:18 utils 11028 5784 Payment failed
INFO 2026-09-07 16:25:19 utils 11028 5784 Payment successful
INFO 2026-09-07 16:26:15 utils 7184 6560 M-Pesa POST payment_initiation
INFO 2026-09-07 16:26:15 utils 7184 6560 Payment initiated
ERROR 2026-09-07 16:26:15 views 7184 6560 STK push failed for 0712345678: API connection failed
WARNING 2026-09-07 16:26:18 views 7184 6560 Invalid plan requested: invalid_plan
WARNING 2026-09-07 16:26:20 views 7184 6560 Payment initiation without phone number
INFO 2026-09-07 16:26:22 utils 7184 6560 M-Pesa POST payment_initiation
INFO 2026-09-07 16:26:22 utils 7184 6560 Payment initiated
INFO 2026-09-07 16:26:22 views 7184 6560 Payment record created
ERROR 2026-09-07 16:26:27 views 7184 6560 Callback received for unknown payment: ws_CO_UNKNOWN
INFO 2026-09-07 16:26:29 utils 7184 6560 Payment successful
ERROR 2026-09-07 16:26:30 views 7184 6560 Unauthorized webhook from IP: 10.0.0.1
INFO 2026-09-07 16:26:32 utils 7184 6560 Payment successful
ERROR 2026-09-07 16:26:33 utils 7184 6560 Payment failed
INFO 2026-09-07 16:26:35 utils 7184 6560 Payment successful
INFO 2026-09-07 16:27:27 utils 16920 3180 M-Pesa POST payment_initiation
INFO 2026-09-07 16:27:27 utils 16920 3180 Payment initiated
ERROR 2026-09-07 16:27:27 views 16920 3180 STK push failed for 0712345678: API connection failed
WARNING 2026-09-07 16:27:28 views 16920 3180 Invalid plan requested: invalid_plan
WARNING 2026-09-07 16:27:29 views 16920 3180 Payment initiation without phone number
INFO 2026-09-07 16:27:30 utils 16920 3180 M-Pesa POST payment_initiation
INFO 2026-09-07 16:27:30 utils 16920 3180 Payment initiated
INFO 2026-09-07 16:27:30 views 16920 3180 Payment record created
ERROR 2026-09-07 16:27:34 views 16920 3180 Callback received for unknown payment: ws_CO_UNKNOWN
INFO 2026-09-07 16:27:35 utils 16920 3180 Payment successful
ERROR 2026-09-07 16:27:36 views 16920 3180 Unauthorized webhook from IP: 10.0.0.1
INFO 2026-09-07 16:27:37 utils 16920 3180 Payment successful
ERROR 2026-09-07 16:27:38 utils 16920 3180 Payment failed
INFO 2026-09-07 16:27:40 utils 16920 3180 Payment successful
INFO 2026-09-07 16:29:28 utils 12656 12352 M-Pesa POST payment_initiation
INFO 2026-09-07 16:29:28 utils 12656 12352 Payment initiated
ERROR 2026-09-07 16:29:28 views 12656 12352 STK push failed for 0712345678: API connection failed
WARNING 2026-09-07 16:29:30 views 12656 12352 Invalid plan requested: invalid_plan
WARNING 2026-09-07 16:29:31 views 12656 12352 Payment initiation without phone number
INFO 2026-09-07 16:29:32 utils 12656 12352 M-Pesa POST payment_initiation
INFO 2026-09-07 16:29:32 utils 12656 12352 Payment initiated
INFO 2026-09-07 16:29:32 views 12656 12352 Payment record created
ERROR 2026-09-07 16:29:36 views 12656 12352 Callback received for unknown payment: ws_CO_UNKNOWN
INFO 2026-09-07 16:29:37 utils 12656 12352 Payment successful
ERROR 2026-09-07 16:29:39 views 12656 12352 Unauthorized webhook from IP: 10.0.0.1
INFO 2026-09-07 16:29:40 utils 12656 12352 Payment successful
ERROR 2026-09-07 16:29:42 utils 12656 12352 Payment failed
INFO 2026-09-07 16:29:43 utils 12656 12352 Payment successful
INFO 2026-09-07 16:31:14 utils 13748 3500 M-Pesa POST payment_initiation
INFO 2026-09-07 16:31:14 utils 13748 3500 Payment initiated
ERROR 2026-09-07 16:31:14 views 13748 3500 STK push failed for 0712345678: API connection failed
WARNING 2026-09-07 16:31:15 views 13748 3500 Invalid plan requested: invalid_plan
WARNING 2026-09-07 16:31:16 views 13748 3500 Payment initiation without phone number
INFO 2026-09-07 16:31:17 utils 13748 3500 M-Pesa POST payment_initiation
INFO 2026-09-07 16:31:17 utils 13748 3500 Payment initiated
INFO 2026-09-07 16:31:17 views 13748 3500 Payment record created
ERROR 2026-09-07 16:31:21 views 13748 3500 Callback received for unknown payment: ws_CO_UNKNOWN
INFO 2026-09-07 16:31:22 utils 13748 3500 Payment successful
ERROR 2026-09-07 16:31:24 views 13748 3500 Unauthorized webhook from IP: 10.0.0.1
INFO 2026-09-07 16:31:25 utils 13748 3500 Payment successful
ERROR 2026-09-07 16:31:27 utils 13748 3500 Payment failed
INFO 2026-09-07 16:31:29 utils 13748 3500 Payment successful
INFO 2026-09-07 16:35:15 utils 2804 6640 M-Pesa POST payment_initiation
INFO 2026-09-07 16:35:15 utils 2804 6640 Payment initiated
ERROR 2026-09-07 16:35:15 views 2804 6640 STK push failed for 0712345678: API connection failed
WARNING 2026-09-07 16:35:16 views 2804 6640 Invalid plan requested: invalid_plan
WARNING 2026-09-07 16:35:17 views 2804 6640 Payment initiation without phone number
INFO 2026-09-07 16:35:18 utils 2804 6640 M-Pesa POST payment_initiation
INFO 2026-09-07 16:35:18 utils 2804 6640 Payment initiated
INFO 2026-09-07 16:35:18 views 2804 6640 Payment record created
ERROR 2026-09-07 16:35:21 views 2804 6640 Callback received for unknown payment: ws_CO_UNKNOWN
INFO 2026-09-07 16:35:23 utils 2804 6640 Payment successful
ERROR 2026-09-07 16:35:24 views 2804 6640 Unauthorized webhook from IP: 10.0.0.1
INFO 2026-09-07 16:35:25 utils 2804 6640 Payment successful
ERROR 2026-09-07 16:35:26 utils 2804 6640 Payment failed
INFO 2026-09-07 16:35:27 utils 2804 6640 Payment successful
INFO 2026-09-07 16:36:36 utils 284 9328 M-Pesa POST payment_initiation
INFO 2026-09-07 16:36:36 utils 284 9328 Payment initiated
ERROR 2026-09-07 16:36:36 views 284 9328 STK push failed for 0712345678: API connection failed
WARNING 2026-09-07 16:36:37 views 284 9328 Invalid plan requested: invalid_plan
WARNING 2026-09-07 16:36:38 views 284 9328 Payment initiation without phone number
INFO 2026-09-07 16:36:39 utils 284 9328 M-Pesa POST payment_initiation
INFO 2026-09-07 16:36:39 utils 284 9328 Payment initiated
INFO 2026-09-07 16:36:39 views 284 9328 Payment record created
ERROR 2026-09-07 16:36:43 views 284 9328 Callback received for unknown payment: ws_CO_UNKNOWN
INFO 2026-09-07 16:36:44 utils 284 9328 Payment successful
ERROR 2026-09-07 16:36:45 views 284 9328 Unauthorized webhook from IP: 10.0.0.1
INFO 2026-09-07 16:36:46 views 284 9328 Subscription activated via callback
INFO 2026-09-07 16:36:46 utils 284 9328 Payment successful
WARNING 2026-09-07 16:36:46 views 284 9328 Callback received for already-processed payment: ws_CO_125
ERROR 2026-09-07 16:36:48 utils 284 9328 Payment failed
INFO 2026-09-07 16:36:49 views 284 9328 Subscription activated via callback
INFO 2026-09-07 16:36:49 utils 284 9328 Payment successful
INFO 2026-09-07 17:43:30 utils 12180 14728 M-Pesa POST payment_initiation
INFO 2026-09-07 17:43:30 utils 12180 14728 Payment initiated
ERROR 2026-09-07 17:43:30 views 12180 14728 STK push failed for 0712345678: API connection failed
WARNING 2026-09-07 17:43:34 views 12180 14728 Invalid plan requested: invalid_plan
WARNING 2026-09-07 17:43:36 views 12180 14728 Payment initiation without phone number
INFO 2026-09-07 17:43:38 utils 12180 14728 M-Pesa POST payment_initiation
INFO 2026-09-07 17:43:38 utils 12180 14728 Payment initiated
INFO 2026-09-07 17:43:38 views 12180 14728 Payment record created
ERROR 2026-09-07 17:43:49 views 12180 14728 Callback received for unknown payment: ws_CO_UNKNOWN
INFO 2026-09-07 17:43:57 utils 12180 14728 Payment successful
ERROR 2026-09-07 17:44:03 views 12180 14728 Unauthorized webhook from IP: 10.0.0.1
INFO 2026-09-07 17:44:09 views 12180 14728 Subscription activated via callback
INFO 2026-09-07 17:44:09 utils 12180 14728 Payment successful
WARNING 2026-09-07 17:44:09 views 12180 14728 Callback received for already-processed payment: ws_CO_125
ERROR 2026-09-07 17:44:15 utils 12180 14728 Payment failed
INFO 2026-09-07 17:44:20 views 12180 14728 Subscription activated via callback
INFO 2026-09-07 17:44:21 utils 12180 14728 Payment successful
INFO 2026-09-07 17:46:19 utils 17008 13276 M-Pesa POST payment_initiation
INFO 2026-09-07 17:46:19 utils 17008 13276 Payment initiated
ERROR 2026-09-07 17:46:19 views 17008 13276 STK push failed for 0712345678: API connection failed
INFO 2026-09-07 17:46:22 utils 17008 13276 M-Pesa POST payment_initiation
INFO 2026-09-07 17:46:22 utils 17008 13276 Payment initiated
INFO 2026-09-07 17:46:22 views 17008 13276 Payment record created
WARNING 2026-09-07 17:46:24 views 17008 13276 Invalid plan requested: invalid_plan
WARNING 2026-09-07 17:46:27 views 17008 13276 Payment initiation without phone number
INFO 2026-09-07 17:46:29 utils 17008 13276 M-Pesa POST payment_initiation
INFO 2026-09-07 17:46:29 utils 17008 13276 Payment initiated
INFO 2026-09-07 17:46:29 views 17008 13276 Payment record created
ERROR 2026-09-07 17:46:39 views 17008 13276 Callback received for unknown payment: ws_CO_UNKNOWN
INFO 2026-09-07 17:46:46 utils 17008 13276 Payment successful
ERROR 2026-09-07 17:46:51 views 17008 13276 Unauthorized webhook from IP: 10.0.0.1
INFO 2026-09-07 17:46:56 views 17008 13276 Subscription activated via callback
INFO 2026-09-07 17:46:56 utils 17008 13276 Payment successful
WARNING 2026-09-07 17:46:56 views 17008 13276 Callback received for already-processed payment: ws_CO_125
ERROR 2026-09-07 17:47:00 utils 17008 13276 Payment failed
INFO 2026-09-07 17:47:04 views 17008 13276 Subscription activated via callback
INFO 2026-09-07 17:47:04 utils 17008 13276 Payment successful
INFO 2026-09-07 17:48:35 utils 7944 11056 M-Pesa POST payment_initiation
INFO 2026-09-07 17:48:35 utils 7944 11056 Payment initiated
ERROR 2026-09-07 17:48:35 views 7944 11056 STK push failed for 0712345678: API connection failed
INFO 2026-09-07 17:48:41 utils 7944 11056 M-Pesa POST payment_initiation
INFO 2026-09-07 17:48:41 utils 7944 11056 Payment initiated
INFO 2026-09-07 17:48:41 views 7944 11056 Payment record created
WARNING 2026-09-07 17:48:44 views 7944 11056 Invalid plan requested: invalid_plan
WARNING 2026-09-07 17:48:48 views 7944 11056 Payment initiation without phone number
INFO 2026-09-07 17:48:53 utils 7944 11056 M-Pesa POST payment_initiation
INFO 2026-09-07 17:48:53 utils 7944 11056 Payment initiated
INFO 2026-09-07 17:48:53 views 7944 11056 Payment record created
ERROR 2026-09-07 17:49:12 views 7944 11056 Callback received for unknown payment: ws_CO_UNKNOWN
INFO 2026-09-07 17:49:17 utils 7944 11056 Payment successful
ERROR 2026-09-07 17:49:23 views 7944 11056 Unauthorized webhook from IP: 10.0.0.1
INFO 2026-09-07 17:49:28 views 7944 11056 Subscription activated via callback
INFO 2026-09-07 17:49:29 utils 7944 11056 Payment successful
WARNING 2026-09-07 17:49:29 views 7944 11056 Callback received for already-processed payment: ws_CO_125
ERROR 2026-09-07 17:49:35 utils 7944 11056 Payment failed
INFO 2026-09-07 17:49:40 views 7944 11056 Subscription activated via callback
INFO 2026-09-07 17:49:40 utils 7944 11056 Payment successful
INFO 2026-09-07 17:52:12 utils 15200 15652 M-Pesa POST payment_initiation
INFO 2026-09-07 17:52:12 utils 15200 15652 Payment initiated
ERROR 2026-09-07 17:52:12 views 15200 15652 STK push failed for 0712345678: API connection failed
INFO 2026-09-07 17:52:22 utils 15200 15652 M-Pesa POST payment_initiation
INFO 2026-09-07 17:52:22 utils 15200 15652 Payment initiated
INFO 2026-09-07 17:52:22 views 15200 15652 Payment record created
WARNING 2026-09-07 17:52:26 views 15200 15652 Invalid plan requested: invalid_plan
WARNING 2026-09-07 17:52:29 views 15200 15652 Payment initiation without phone number
INFO 2026-09-07 17:52:31 utils 15200 15652 M-Pesa POST payment_initiation
INFO 2026-09-07 17:52:31 utils 15200 15652 Payment initiated
INFO 2026-09-07 17:52:31 views 15200 15652 Payment record created
ERROR 2026-09-07 17:52:43 views 15200 15652 Callback received for unknown payment: ws_CO_UNKNOWN
INFO 2026-09-07 17:52:45 utils 15200 15652 Payment successful
ERROR 2026-09-07 17:52:47 views 15200 15652 Unauthorized webhook from IP: 10.0.0.1
INFO 2026-09-07 17:52:49 views 15200 15652 Subscription activated via callback
INFO 2026-09-07 17:52:49 utils 15200 15652 Payment successful
WARNING 2026-09-07 17:52:49 views 15200 15652 Callback received for already-processed payment: ws_CO_125
ERROR 2026-09-07 17:52:52 utils 15200 15652 Payment failed
INFO 2026-09-07 17:52:56 views 15200 15652 Subscription activated via callback
INFO 2026-09-07 17:52:57 utils 15200 15652 Payment successful
INFO 2026-09-07 18:12:35 utils 16872 6960 M-Pesa POST payment_initiation
INFO 2026-09-07 18:12:35 utils 16872 6960 Payment initiated
ERROR 2026-09-07 18:12:35 views 16872 6960 STK push failed for 0712345678: API connection failed
INFO 2026-09-07 18:12:38 utils 16872 6960 M-Pesa POST payment_initiation
INFO 2026-09-07 18:12:38 utils 16872 6960 Payment initiated
INFO 2026-09-07 18:12:38 views 16872 6960 Payment record created
WARNING 2026-09-07 18:12:39 views 16872 6960 Invalid plan requested: invalid_plan
WARNING 2026-09-07 18:12:40 views 16872 6960 Payment initiation without phone number
INFO 2026-09-07 18:12:42 utils 16872 6960 M-Pesa POST payment_initiation
INFO 2026-09-07 18:12:42 utils 16872 6960 Payment initiated
INFO 2026-09-07 18:12:42 views 16872 6960 Payment record created
ERROR 2026-09-07 18:12:48 views 16872 6960 Callback received for unknown payment: ws_CO_UNKNOWN
INFO 2026-09-07 18:12:50 views 16872 6960 Subscription activated/extended via callback
INFO 2026-09-07 18:12:50 utils 16872 6960 Payment successful
ERROR 2026-09-07 18:12:52 views 16872 6960 Unauthorized webhook from IP: 10.0.0.1
INFO 2026-09-07 18:12:53 views 16872 6960 Subscription activated/extended via callback
INFO 2026-09-07 18:12:53 utils 16872 6960 Payment successful
WARNING 2026-09-07 18:12:53 views 16872 6960 Callback received for already-processed payment: ws_CO_125
ERROR 2026-09-07 18:12:55 utils 16872 6960 Payment failed
INFO 2026-09-07 18:12:57 views 16872 6960 Subscription activated/extended via callback
INFO 2026-09-07 18:12:57 utils 16872 6960 Payment successful
INFO 2026-09-07 18:12:58 views 16872 6960 Subscription activated/extended via callback
INFO 2026-09-07 18:12:58 utils 16872 6960 Payment successful
INFO 2026-09-07 18:12:59 views 16872 6960 Subscription activated/extended via callback
INFO 2026-09-07 18:12:59 utils 16872 6960 Payment successful
INFO 2026-09-07 18:13:45 utils 14060 9692 M-Pesa POST payment_initiation
INFO 2026-09-07 18:13:45 utils 14060 9692 Payment initiated
ERROR 2026-09-07 18:13:45 views 14060 9692 STK push failed for 0712345678: API connection failed
INFO 2026-09-07 18:13:47 utils 14060 9692 M-Pesa POST payment_initiation
INFO 2026-09-07 18:13:47 utils 14060 9692 Payment initiated
INFO 2026-09-07 18:13:47 views 14060 9692 Payment record created
WARNING 2026-09-07 18:13:49 views 14060 9692 Invalid plan requested: invalid_plan
WARNING 2026-09-07 18:13:50 views 14060 9692 Payment initiation without phone number
INFO 2026-09-07 18:13:52 utils 14060 9692 M-Pesa POST payment_initiation
INFO 2026-09-07 18:13:52 utils 14060 9692 Payment initiated
INFO 2026-09-07 18:13:52 views 14060 9692 Payment record created
ERROR 2026-09-07 18:14:00 views 14060 9692 Callback received for unknown payment: ws_CO_UNKNOWN
INFO 2026-09-07 18:14:01 views 14060 9692 Subscription activated/extended via callback
INFO 2026-09-07 18:14:01 utils 14060 9692 Payment successful
ERROR 2026-09-07 18:14:03 views 14060 9692 Unauthorized webhook from IP: 10.0.0.1
INFO 2026-09-07 18:14:04 views 14060 9692 Subscription activated/extended via callback
INFO 2026-09-07 18:14:04 utils 14060 9692 Payment successful
WARNING 2026-09-07 18:14:04 views 14060 9692 Callback received for already-processed payment: ws_CO_125
ERROR 2026-09-07 18:14:05 utils 14060 9692 Payment failed
INFO 2026-09-07 18:14:07 views 14060 9692 Subscription activated/extended via callback
INFO 2026-09-07 18:14:07 utils 14060 9692 Payment successful
INFO 2026-09-07 18:14:08 views 14060 9692 Subscription activated/extended via callback
INFO 2026-09-07 18:14:08 utils 14060 9692 Payment successful
INFO 2026-09-07 18:14:09 views 14060 9692 Subscription activated/extended via callback
INFO 2026-09-07 18:14:09 utils 14060 9692 Payment successful
